[debug] [2026-08-25T04:40:26.534Z] ----------------------------------------------------------------------
[debug] [2026-08-25T04:40:26.540Z] Command:       C:\Program Files\nodejs\node.exe C:\Users\saras\AppData\Local\npm-cache\_npx\7750544ccf494d8b\node_modules\firebase-tools\lib\bin\firebase.js init dataconnect
[debug] [2026-08-25T04:40:26.540Z] CLI Version:   15.28.1
[debug] [2026-08-25T04:40:26.540Z] Platform:      win32
[debug] [2026-08-25T04:40:26.540Z] Node Version:  v26.5.0
[debug] [2026-08-25T04:40:26.541Z] Detected Agent: unknown
[debug] [2026-08-25T04:40:26.541Z] Time:          Tue Aug 25 2026 10:10:26 GMT+0530 (India Standard Time)
[debug] [2026-08-25T04:40:26.541Z] ----------------------------------------------------------------------
[debug] 
[debug] [2026-08-25T04:40:26.568Z] >>> [apiv2][query] GET https://firebase-public.firebaseio.com/cli.json [none]
[info] 
     ######## #### ########  ######## ########     ###     ######  ########
     ##        ##  ##     ## ##       ##     ##  ##   ##  ##       ##
     ######    ##  ########  ######   ########  #########  ######  ######
     ##        ##  ##    ##  ##       ##     ## ##     ##       ## ##
     ##       #### ##     ## ######## ########  ##     ##  ######  ########

You're about to initialize a Firebase project in this directory:

  C:\Users\saras\OneDrive\Desktop\pathwise\pathwise

[debug] [2026-08-25T04:41:41.307Z] *** [apiv2] error from fetch(https://firebase-public.firebaseio.com/cli.json, {"headers":{},"method":"GET"}): Error: getaddrinfo ENOTFOUND firebase-public.firebaseio.com
[warn] !  Unable to fetch the CLI MOTD and remote config. This is not a fatal error, but may indicate an issue with your network connection. 
[debug] [2026-08-25T04:41:41.310Z] Failed to fetch MOTD FirebaseError: Failed to make request to https://firebase-public.firebaseio.com/cli.json
[debug] [2026-08-25T04:44:54.028Z] ExitPromptError: User force closed the prompt with SIGINT
    at Interface.sigint (C:\Users\saras\AppData\Local\npm-cache\_npx\7750544ccf494d8b\node_modules\@inquirer\core\dist\commonjs\lib\create-prompt.js:101:37)
    at Interface.emit (node:events:509:20)
    at [_ttyWrite] [as _ttyWrite] (node:internal/readline/interface:1327:18)
    at ReadStream.onkeypress (node:internal/readline/interface:284:20)
    at ReadStream.emit (node:events:521:24)
    at emitKeys (node:internal/readline/utils:371:14)
    at emitKeys.next (<anonymous>)
    at ReadStream.onData (node:internal/readline/emitKeypressEvents:64:36)
    at ReadStream.emit (node:events:509:20)
    at addChunk (node:internal/streams/readable:568:12)
[error] 
[error] Error: An unexpected error has occurred.
